
> solo-tutor@1.0.0 e2e
> playwright test

[WebServer] (node:29486) Warning: The 'NO_COLOR' env is ignored due to the 'FORCE_COLOR' env being set.
[WebServer] (Use `node --trace-warnings ...` to show where the warning was created)
[WebServer] (node:29521) Warning: The 'NO_COLOR' env is ignored due to the 'FORCE_COLOR' env being set.
[WebServer] (Use `node --trace-warnings ...` to show where the warning was created)
[WebServer] (node:29553) Warning: The 'NO_COLOR' env is ignored due to the 'FORCE_COLOR' env being set.
[WebServer] (Use `node --trace-warnings ...` to show where the warning was created)

Running 234 tests using 4 workers

(node:29593) Warning: The 'NO_COLOR' env is ignored due to the 'FORCE_COLOR' env being set.
(Use `node --trace-warnings ...` to show where the warning was created)
(node:29595) Warning: The 'NO_COLOR' env is ignored due to the 'FORCE_COLOR' env being set.
(Use `node --trace-warnings ...` to show where the warning was created)
(node:29596) Warning: The 'NO_COLOR' env is ignored due to the 'FORCE_COLOR' env being set.
(Use `node --trace-warnings ...` to show where the warning was created)
(node:29597) Warning: The 'NO_COLOR' env is ignored due to the 'FORCE_COLOR' env being set.
(Use `node --trace-warnings ...` to show where the warning was created)
  ✓    1 [mobile] › tests/e2e/accessibility.spec.ts:34:3 › bottom sheet stays inside a 390px viewport without runtime errors (1.1s)
  ✓    3 [mobile] › tests/e2e/accessibility.spec.ts:34:3 › bottom sheet stays inside a 320px viewport without runtime errors (1.2s)
  -    5 [mobile] › tests/e2e/account.spec.ts:135:3 › ซิงก์คลาวด์กับ Supabase จำลอง › ลบบัญชีจากแท็บอ่านอย่างเดียวไม่ได้ และเมื่อแท็บหลักลบแล้วอีกแท็บไม่คืนข้อมูลเก่า
  -    6 [mobile] › tests/e2e/account.spec.ts:171:3 › ซิงก์คลาวด์กับ Supabase จำลอง › a paid teacher can erase operational data after seeing the retained-receipt explanation
  -    7 [mobile] › tests/e2e/account.spec.ts:191:3 › ซิงก์คลาวด์กับ Supabase จำลอง › a legacy backend refusal preserves the teacher ledger and account session
  -    8 [mobile] › tests/e2e/account.spec.ts:217:3 › ซิงก์คลาวด์กับ Supabase จำลอง › ไฟล์กู้คืนปลดล็อก ciphertext หลังเปลี่ยนรหัส โดยไม่ต้องลบข้อมูลบนคลาวด์
  -    9 [mobile] › tests/e2e/account.spec.ts:242:3 › ซิงก์คลาวด์กับ Supabase จำลอง › เข้าสู่ระบบแล้วสมุดบัญชีขึ้นคลาวด์เอง — เป็น ciphertext ไม่มีชื่อนักเรียน และแก้ข้อมูลแล้วขึ้นรอบใหม่
  -   10 [mobile] › tests/e2e/account.spec.ts:263:3 › ซิงก์คลาวด์กับ Supabase จำลอง › เครื่องมีข้อมูลและคลาวด์ก็มี — ไม่เดา ถามครู แล้ว "ใช้ข้อมูลเครื่องนี้" เขียนทับด้วย revision ของคลาวด์
  ✓    2 [mobile] › tests/e2e/accessibility.spec.ts:9:1 › bottom sheet traps focus and isolates the page behind it (1.4s)
  -   13 [mobile] › tests/e2e/account.spec.ts:313:3 › แพ็กสมาชิกกับ Supabase จำลอง › ขอเปิด Pro 3 เดือน — ส่งแค่จำนวนเดือน ยอดมาจากเซิร์ฟเวอร์ แล้วเห็นสถานะรอตรวจยอด ยกเลิกได้
  -   14 [mobile] › tests/e2e/account.spec.ts:331:3 › แพ็กสมาชิกกับ Supabase จำลอง › วงจรรายได้ครบ: เลือกแพ็ก → เริ่มใช้จริง → ขอ Pro → อนุมัติ → ใบเสร็จ → พัก/ใช้ต่อ → หมดอายุแล้วยังส่งออกข้อมูลได้
  ✓    4 [mobile] › tests/e2e/account.spec.ts:30:1 › เมนูมีทางเข้าหน้าบัญชีครู และในโหมดเดโมหน้านั้นบอกให้เริ่มใช้จริงก่อน (1.4s)
  ✓   11 [mobile] › tests/e2e/account.spec.ts:39:1 › โหมดจริงเห็นฟอร์มบัญชีครูหรือการ์ดรอตั้งค่า — ไม่มีอย่างอื่น และไม่มีข้อมูลออกจากเครื่องก่อนเข้าสู่ระบบ (1.2s)
  ✓   15 [mobile] › tests/e2e/bulk-add.spec.ts:8:1 › เพิ่มหลายคนจากหน้ารายชื่อ: ตัดซ้ำ ข้ามคนเดิม แล้วสร้างครบในคลิกเดียว (1.2s)
  ✓   16 [mobile] › tests/e2e/bulk-add.spec.ts:34:1 › ค่าเริ่มต้นแบบแพ็กใช้ได้ และต้องใส่จำนวนครั้งก่อน (1.2s)
  ✓   17 [mobile] › tests/e2e/copy-nudge.spec.ts:9:1 › บิลค้างมีปุ่มคัดลอกข้อความแจ้งเตือน วางได้เลย และสถานะบิลไม่เปลี่ยน (712ms)
  ✓   12 [mobile] › tests/e2e/account.spec.ts:283:1 › แพ็กฟรีรับได้ 5 คนที่ยังเรียนอยู่ — คนที่ 6 เจอชีทแพ็ก ไม่ถูกเพิ่มเงียบ ๆ (1.9s)
  ✓   18 [mobile] › tests/e2e/copy-nudge.spec.ts:29:1 › บิลที่จ่ายแล้วไม่มีปุ่มคัดลอกข้อความแจ้งเตือน (715ms)
  ✓   21 [mobile] › tests/e2e/demo-flow.spec.ts:45:1 › เส้นทางที่ไม่มีจริงพากลับหน้าแรก ไม่ใช่จอว่าง (527ms)
  ✓   19 [mobile] › tests/e2e/demo-flow.spec.ts:13:1 › หน้าแรกมีทางเข้าเดียว ไม่ใช่เมนูให้เลือก (906ms)
  ✓   20 [mobile] › tests/e2e/demo-flow.spec.ts:36:1 › หน้าราคามีปุ่มกลับหน้าแรก (834ms)
  ✓   22 [mobile] › tests/e2e/demo-flow.spec.ts:52:1 › วันนี้มี 4 คาบ ยืนยันแล้ว 1 รอ 3 (737ms)
  ✓   23 [mobile] › tests/e2e/demo-flow.spec.ts:59:1 › เช็คชื่อคาบที่แพ็กหมดแล้ว ได้คำเตือนและร่างชวนต่อเพิ่มมาหนึ่งใบ (642ms)
  ✓   26 [mobile] › tests/e2e/demo-flow.spec.ts:97:1 › ข้อความถึงผู้ปกครองใช้ลิงก์เต็ม และไม่ซ้ำคำนำหน้า (549ms)
  ✓   27 [mobile] › tests/e2e/demo-flow.spec.ts:111:1 › ผู้จ่ายกดลิงก์แล้วเจอบิลใบที่ทวง พร้อม QR (327ms)
  ✓   24 [mobile] › tests/e2e/demo-flow.spec.ts:70:1 › ปิดยอดเดือนนี้สร้างบิลให้ 5 คน (857ms)
  ✓   28 [mobile] › tests/e2e/demo-flow.spec.ts:119:1 › ไม่มีข้อความไหนส่งออกโดยผู้ใช้ไม่ได้กดส่ง (533ms)
  ✓   29 [mobile] › tests/e2e/demo-flow.spec.ts:127:1 › เปิด LINE แล้วยังไม่นับว่าส่ง จนกว่าครูจะยืนยัน (694ms)
  ✓   30 [mobile] › tests/e2e/demo-flow.spec.ts:162:1 › เลื่อนคาบแล้วยอดบิลไม่ขยับ และมีร่างแจ้งผู้ปกครองรออยู่ (857ms)
  ✓   31 [mobile] › tests/e2e/demo-flow.spec.ts:188:1 › สำรองข้อมูลแล้วได้ไฟล์ที่กู้คืนได้ (842ms)
  ✓   32 [mobile] › tests/e2e/demo-flow.spec.ts:211:1 › ส่งสรุปให้ผู้ปกครองเปิด LINE พร้อมจำนวนครั้งจริง (626ms)
  ✓   33 [mobile] › tests/e2e/demo-flow.spec.ts:230:1 › ทุกทางเข้าพาไปใช้งานได้เลย ไม่มีฟอร์มมาขวาง (595ms)
  ✓   25 [mobile] › tests/e2e/demo-flow.spec.ts:80:1 › สลิปตรงยอด ยืนยันแล้วได้ใบเสร็จ (2.7s)
  ✓   37 [mobile] › tests/e2e/financial-safety.spec.ts:70:1 › corrupt storage is preserved and requires recovery (279ms)
  ✓   36 [mobile] › tests/e2e/financial-safety.spec.ts:59:1 › quota failure cannot acknowledge or commit a payment (893ms)
  ✓   34 [mobile] › tests/e2e/demo-flow.spec.ts:271:1 › ไม่มี dialog ของเบราว์เซอร์เหลืออยู่ — งดคาบใช้ชีทที่แปลได้ (1.2s)
  ✓   38 [mobile] › tests/e2e/financial-safety.spec.ts:78:1 › missing payment destination prevents sending and keeps queue empty (789ms)
  ✓   35 [mobile] › tests/e2e/financial-safety.spec.ts:25:1 › installments agree across balances, reminder, client, receipt and fresh recipient context (2.2s)
  ✓   41 [mobile] › tests/e2e/homework.spec.ts:39:1 › เดโมไม่มีปุ่มการบ้าน — ไม่อยู่ในเส้นทางที่โชว์ (543ms)
  ✓   40 [mobile] › tests/e2e/homework.spec.ts:21:1 › โหมดจริง: พิมพ์การบ้านแล้วคัดลอก ได้ข้อความพร้อมคำลงท้ายของครู และไม่บันทึกอะไร (1.1s)
  ✓   39 [mobile] › tests/e2e/financial-safety.spec.ts:86:1 › issued receipt keeps the original payee after profile changes and reload (1.8s)
  ✓   42 [mobile] › tests/e2e/interaction-regressions.spec.ts:23:1 › primary navigation and list rows stay inside the app (803ms)
  ✓   43 [mobile] › tests/e2e/interaction-regressions.spec.ts:46:1 › clicking controls inside a sheet never dismisses it or changes route (1.1s)
  ✓   45 [mobile] › tests/e2e/interaction-regressions.spec.ts:92:1 › nested cancellation confirmation closes one layer at a time (785ms)
  -   48 [mobile] › tests/e2e/line-oa.spec.ts:163:1 › เชื่อม OA ล้าง credentials สร้างรหัส จับคู่ผู้ปกครอง และยืนยันส่งในเครื่องเมื่อ server ส่งสำเร็จ
  -   49 [mobile] › tests/e2e/line-oa.spec.ts:201:1 › timeout หลังเข้าคิวเก็บ marker ข้าม reload ปิดแชร์ส่วนตัว และ reconcile โดยไม่ push ซ้ำ
  -   50 [mobile] › tests/e2e/line-oa.spec.ts:231:1 › ตรวจรายการ processing หลัง worker หยุด โดยเรียก targeted send เดิมให้เซิร์ฟเวอร์กู้ claim ได้
  ✓   47 [mobile] › tests/e2e/interaction-regressions.spec.ts:130:1 › only an explicit LINE action opens an external window (584ms)
  ✓   46 [mobile] › tests/e2e/interaction-regressions.spec.ts:111:1 › editing a subject and changing billing controls does not jump away or close (960ms)
  ✓   44 [mobile] › tests/e2e/interaction-regressions.spec.ts:66:1 › switching between demo and real mode uses one confirmation layer (1.7s)
  ✓   51 [mobile] › tests/e2e/menu.spec.ts:4:1 › the menu works from the keyboard: arrows move focus and switch tabs (640ms)
  ✓   53 [mobile] › tests/e2e/menu.spec.ts:49:1 › no page calls the product plain "Solo" any more (501ms)
  ✓   54 [mobile] › tests/e2e/menu.spec.ts:58:1 › every sub-page has a way back to where it came from (1.2s)
  ✓   52 [mobile] › tests/e2e/menu.spec.ts:30:1 › four real themes plus system, each stamps its own data-theme (1.3s)
  ✓   56 [mobile] › tests/e2e/production-browser-safety.spec.ts:4:1 › first installation can reopen offline without a preparatory reload (849ms)
  ✓   55 [mobile] › tests/e2e/menu.spec.ts:78:1 › a tutor can paste an existing client list from a spreadsheet and it lands in the app (1.2s)
  ✓   58 [mobile] › tests/e2e/production-browser-safety.spec.ts:49:1 › embedded pages offer a direct link without rendering tutor data (441ms)
  ✓   59 [mobile] › tests/e2e/production-browser-safety.spec.ts:62:1 › built page blocks injected inline scripts with CSP (495ms)
  ✓   61 [mobile] › tests/e2e/pwa.spec.ts:7:1 › theme-color meta matches the real --bg of each theme (200ms)
  ✓   57 [mobile] › tests/e2e/production-browser-safety.spec.ts:35:1 › installing Solo Tutor preserves another application cache (680ms)
  ✓   60 [mobile] › tests/e2e/promptpay-qr.spec.ts:12:1 › the parent page shows a scannable PromptPay QR only in real mode (494ms)
  ✓   62 [mobile] › tests/e2e/pwa.spec.ts:21:1 › installed app opens on today, not the marketing page (494ms)
  ✓   64 [mobile] › tests/e2e/pwa.spec.ts:55:1 › privacy and terms are reachable and say what the app really does (679ms)
  ✓   63 [mobile] › tests/e2e/pwa.spec.ts:36:1 › the service worker is registered and the app opens offline (848ms)
  ✓   67 [mobile] › tests/e2e/qa-data-regressions.spec.ts:70:1 › opening an unknown chat cannot create orphan data or break reload (686ms)
  ✓   66 [mobile] › tests/e2e/qa-data-regressions.spec.ts:55:1 › past periods can be closed using the saved price after a rate change (1.1s)
  ✓   65 [mobile] › tests/e2e/qa-data-regressions.spec.ts:33:1 › two tabs preserve writes, follow updates, and transfer writer ownership on close (1.4s)
  ✓   71 [mobile] › tests/e2e/qa-data-regressions.spec.ts:149:1 › an explicit demo scenario change survives acquiring the writer lock (685ms)
  ✓   68 [mobile] › tests/e2e/qa-data-regressions.spec.ts:80:1 › a version 4 backup restores through the file picker and upgrades to version 5 (1.4s)
  ✓   69 [mobile] › tests/e2e/qa-data-regressions.spec.ts:103:1 › a new package price and quantity preserve only the actual old credits (977ms)
  ✓   70 [mobile] › tests/e2e/qa-data-regressions.spec.ts:129:1 › backup passes a valid restorable file to the native share API (995ms)
  ✓   75 [mobile] › tests/e2e/start.spec.ts:60:1 › the theme toggle on the landing and start pages flips dark/light and the app remembers it (652ms)
  ✓   73 [mobile] › tests/e2e/start.spec.ts:5:1 › picking a style shapes the demo, the filters and the add-sheet default; the menu can change it (1.5s)
  ✓   74 [mobile] › tests/e2e/start.spec.ts:38:1 › in real mode the picker changes defaults only — nothing is wiped (1.6s)
  -   78 [mobile] › tests/e2e/ux-copy.spec.ts:25:1 › the parent page keeps its readable width even in web frame
  ✓   77 [mobile] › tests/e2e/ux-copy.spec.ts:4:1 › history speaks Thai, the parent sees the month of the bill, and ค้าง says it accumulates (674ms)
(node:30032) Warning: The 'NO_COLOR' env is ignored due to the 'FORCE_COLOR' env being set.
(Use `node --trace-warnings ...` to show where the warning was created)
  ✓   76 [mobile] › tests/e2e/start.spec.ts:79:1 › an accent picked on the landing page follows the visitor into the app (1.6s)
  ✓   72 [mobile] › tests/e2e/real-onboarding.spec.ts:20:1 › a female tutor never has to say ครับ — and can flip it later from the menu (2.6s)
(node:30050) Warning: The 'NO_COLOR' env is ignored due to the 'FORCE_COLOR' env being set.
(Use `node --trace-warnings ...` to show where the warning was created)
(node:30053) Warning: The 'NO_COLOR' env is ignored due to the 'FORCE_COLOR' env being set.
(Use `node --trace-warnings ...` to show where the warning was created)
(node:30054) Warning: The 'NO_COLOR' env is ignored due to the 'FORCE_COLOR' env being set.
(Use `node --trace-warnings ...` to show where the warning was created)
  ✓   79 [desktop] › tests/e2e/accessibility.spec.ts:9:1 › bottom sheet traps focus and isolates the page behind it (493ms)
  ✓   80 [desktop] › tests/e2e/accessibility.spec.ts:34:3 › bottom sheet stays inside a 320px viewport without runtime errors (409ms)
  -   83 [desktop] › tests/e2e/account.spec.ts:135:3 › ซิงก์คลาวด์กับ Supabase จำลอง › ลบบัญชีจากแท็บอ่านอย่างเดียวไม่ได้ และเมื่อแท็บหลักลบแล้วอีกแท็บไม่คืนข้อมูลเก่า
  -   84 [desktop] › tests/e2e/account.spec.ts:171:3 › ซิงก์คลาวด์กับ Supabase จำลอง › a paid teacher can erase operational data after seeing the retained-receipt explanation
  -   85 [desktop] › tests/e2e/account.spec.ts:191:3 › ซิงก์คลาวด์กับ Supabase จำลอง › a legacy backend refusal preserves the teacher ledger and account session
  -   86 [desktop] › tests/e2e/account.spec.ts:217:3 › ซิงก์คลาวด์กับ Supabase จำลอง › ไฟล์กู้คืนปลดล็อก ciphertext หลังเปลี่ยนรหัส โดยไม่ต้องลบข้อมูลบนคลาวด์
  -   87 [desktop] › tests/e2e/account.spec.ts:242:3 › ซิงก์คลาวด์กับ Supabase จำลอง › เข้าสู่ระบบแล้วสมุดบัญชีขึ้นคลาวด์เอง — เป็น ciphertext ไม่มีชื่อนักเรียน และแก้ข้อมูลแล้วขึ้นรอบใหม่
  -   88 [desktop] › tests/e2e/account.spec.ts:263:3 › ซิงก์คลาวด์กับ Supabase จำลอง › เครื่องมีข้อมูลและคลาวด์ก็มี — ไม่เดา ถามครู แล้ว "ใช้ข้อมูลเครื่องนี้" เขียนทับด้วย revision ของคลาวด์
  ✓   81 [desktop] › tests/e2e/account.spec.ts:39:1 › โหมดจริงเห็นฟอร์มบัญชีครูหรือการ์ดรอตั้งค่า — ไม่มีอย่างอื่น และไม่มีข้อมูลออกจากเครื่องก่อนเข้าสู่ระบบ (611ms)
  -   91 [desktop] › tests/e2e/account.spec.ts:313:3 › แพ็กสมาชิกกับ Supabase จำลอง › ขอเปิด Pro 3 เดือน — ส่งแค่จำนวนเดือน ยอดมาจากเซิร์ฟเวอร์ แล้วเห็นสถานะรอตรวจยอด ยกเลิกได้
  -   92 [desktop] › tests/e2e/account.spec.ts:331:3 › แพ็กสมาชิกกับ Supabase จำลอง › วงจรรายได้ครบ: เลือกแพ็ก → เริ่มใช้จริง → ขอ Pro → อนุมัติ → ใบเสร็จ → พัก/ใช้ต่อ → หมดอายุแล้วยังส่งออกข้อมูลได้
  ✓   82 [desktop] › tests/e2e/accessibility.spec.ts:34:3 › bottom sheet stays inside a 390px viewport without runtime errors (744ms)
  ✓   89 [desktop] › tests/e2e/account.spec.ts:283:1 › แพ็กฟรีรับได้ 5 คนที่ยังเรียนอยู่ — คนที่ 6 เจอชีทแพ็ก ไม่ถูกเพิ่มเงียบ ๆ (1.3s)
  ✓   90 [desktop] › tests/e2e/account.spec.ts:30:1 › เมนูมีทางเข้าหน้าบัญชีครู และในโหมดเดโมหน้านั้นบอกให้เริ่มใช้จริงก่อน (912ms)
  ✓   93 [desktop] › tests/e2e/bulk-add.spec.ts:8:1 › เพิ่มหลายคนจากหน้ารายชื่อ: ตัดซ้ำ ข้ามคนเดิม แล้วสร้างครบในคลิกเดียว (826ms)
  ✓   95 [desktop] › tests/e2e/copy-nudge.spec.ts:9:1 › บิลค้างมีปุ่มคัดลอกข้อความแจ้งเตือน วางได้เลย และสถานะบิลไม่เปลี่ยน (479ms)
  ✓   96 [desktop] › tests/e2e/copy-nudge.spec.ts:29:1 › บิลที่จ่ายแล้วไม่มีปุ่มคัดลอกข้อความแจ้งเตือน (487ms)
  ✓   94 [desktop] › tests/e2e/bulk-add.spec.ts:34:1 › ค่าเริ่มต้นแบบแพ็กใช้ได้ และต้องใส่จำนวนครั้งก่อน (874ms)
  ✓   97 [desktop] › tests/e2e/demo-flow.spec.ts:13:1 › หน้าแรกมีทางเข้าเดียว ไม่ใช่เมนูให้เลือก (499ms)
  ✓   99 [desktop] › tests/e2e/demo-flow.spec.ts:45:1 › เส้นทางที่ไม่มีจริงพากลับหน้าแรก ไม่ใช่จอว่าง (335ms)
  ✓  100 [desktop] › tests/e2e/demo-flow.spec.ts:52:1 › วันนี้มี 4 คาบ ยืนยันแล้ว 1 รอ 3 (362ms)
  ✓   98 [desktop] › tests/e2e/demo-flow.spec.ts:36:1 › หน้าราคามีปุ่มกลับหน้าแรก (441ms)
  ✓  101 [desktop] › tests/e2e/demo-flow.spec.ts:59:1 › เช็คชื่อคาบที่แพ็กหมดแล้ว ได้คำเตือนและร่างชวนต่อเพิ่มมาหนึ่งใบ (443ms)
  ✓  104 [desktop] › tests/e2e/demo-flow.spec.ts:97:1 › ข้อความถึงผู้ปกครองใช้ลิงก์เต็ม และไม่ซ้ำคำนำหน้า (459ms)
  ✓  105 [desktop] › tests/e2e/demo-flow.spec.ts:111:1 › ผู้จ่ายกดลิงก์แล้วเจอบิลใบที่ทวง พร้อม QR (401ms)
  ✓  102 [desktop] › tests/e2e/demo-flow.spec.ts:70:1 › ปิดยอดเดือนนี้สร้างบิลให้ 5 คน (711ms)
  ✓  106 [desktop] › tests/e2e/demo-flow.spec.ts:119:1 › ไม่มีข้อความไหนส่งออกโดยผู้ใช้ไม่ได้กดส่ง (406ms)
  ✓  107 [desktop] › tests/e2e/demo-flow.spec.ts:127:1 › เปิด LINE แล้วยังไม่นับว่าส่ง จนกว่าครูจะยืนยัน (583ms)
  ✓  108 [desktop] › tests/e2e/demo-flow.spec.ts:162:1 › เลื่อนคาบแล้วยอดบิลไม่ขยับ และมีร่างแจ้งผู้ปกครองรออยู่ (813ms)
  ✓  110 [desktop] › tests/e2e/demo-flow.spec.ts:211:1 › ส่งสรุปให้ผู้ปกครองเปิด LINE พร้อมจำนวนครั้งจริง (401ms)
  ✓  109 [desktop] › tests/e2e/demo-flow.spec.ts:188:1 › สำรองข้อมูลแล้วได้ไฟล์ที่กู้คืนได้ (600ms)
  ✓  111 [desktop] › tests/e2e/demo-flow.spec.ts:230:1 › ทุกทางเข้าพาไปใช้งานได้เลย ไม่มีฟอร์มมาขวาง (709ms)
  ✓  112 [desktop] › tests/e2e/demo-flow.spec.ts:271:1 › ไม่มี dialog ของเบราว์เซอร์เหลืออยู่ — งดคาบใช้ชีทที่แปลได้ (1.2s)
  ✓  103 [desktop] › tests/e2e/demo-flow.spec.ts:80:1 › สลิปตรงยอด ยืนยันแล้วได้ใบเสร็จ (2.7s)
  ✓  114 [desktop] › tests/e2e/financial-safety.spec.ts:59:1 › quota failure cannot acknowledge or commit a payment (748ms)
  ✓  115 [desktop] › tests/e2e/financial-safety.spec.ts:70:1 › corrupt storage is preserved and requires recovery (275ms)
  ✓  116 [desktop] › tests/e2e/financial-safety.spec.ts:78:1 › missing payment destination prevents sending and keeps queue empty (531ms)
  ✓  113 [desktop] › tests/e2e/financial-safety.spec.ts:25:1 › installments agree across balances, reminder, client, receipt and fresh recipient context (2.1s)
  ✓  119 [desktop] › tests/e2e/homework.spec.ts:39:1 › เดโมไม่มีปุ่มการบ้าน — ไม่อยู่ในเส้นทางที่โชว์ (624ms)
  ✓  118 [desktop] › tests/e2e/homework.spec.ts:21:1 › โหมดจริง: พิมพ์การบ้านแล้วคัดลอก ได้ข้อความพร้อมคำลงท้ายของครู และไม่บันทึกอะไร (1.1s)
  ✓  120 [desktop] › tests/e2e/interaction-regressions.spec.ts:23:1 › primary navigation and list rows stay inside the app (876ms)
  ✓  117 [desktop] › tests/e2e/financial-safety.spec.ts:86:1 › issued receipt keeps the original payee after profile changes and reload (1.7s)
  ✓  121 [desktop] › tests/e2e/interaction-regressions.spec.ts:46:1 › clicking controls inside a sheet never dismisses it or changes route (1.1s)
  ✓  123 [desktop] › tests/e2e/interaction-regressions.spec.ts:92:1 › nested cancellation confirmation closes one layer at a time (656ms)
  -  126 [desktop] › tests/e2e/line-oa.spec.ts:163:1 › เชื่อม OA ล้าง credentials สร้างรหัส จับคู่ผู้ปกครอง และยืนยันส่งในเครื่องเมื่อ server ส่งสำเร็จ
  -  127 [desktop] › tests/e2e/line-oa.spec.ts:201:1 › timeout หลังเข้าคิวเก็บ marker ข้าม reload ปิดแชร์ส่วนตัว และ reconcile โดยไม่ push ซ้ำ
  -  128 [desktop] › tests/e2e/line-oa.spec.ts:231:1 › ตรวจรายการ processing หลัง worker หยุด โดยเรียก targeted send เดิมให้เซิร์ฟเวอร์กู้ claim ได้
  ✓  124 [desktop] › tests/e2e/interaction-regressions.spec.ts:111:1 › editing a subject and changing billing controls does not jump away or close (742ms)
  ✓  125 [desktop] › tests/e2e/interaction-regressions.spec.ts:130:1 › only an explicit LINE action opens an external window (436ms)
  ✓  129 [desktop] › tests/e2e/menu.spec.ts:4:1 › the menu works from the keyboard: arrows move focus and switch tabs (459ms)
  ✓  122 [desktop] › tests/e2e/interaction-regressions.spec.ts:66:1 › switching between demo and real mode uses one confirmation layer (1.6s)
  ✓  131 [desktop] › tests/e2e/menu.spec.ts:49:1 › no page calls the product plain "Solo" any more (439ms)
  ✓  132 [desktop] › tests/e2e/menu.spec.ts:58:1 › every sub-page has a way back to where it came from (949ms)
  ✓  130 [desktop] › tests/e2e/menu.spec.ts:30:1 › four real themes plus system, each stamps its own data-theme (1.3s)
  ✓  134 [desktop] › tests/e2e/production-browser-safety.spec.ts:4:1 › first installation can reopen offline without a preparatory reload (800ms)
  ✓  133 [desktop] › tests/e2e/menu.spec.ts:78:1 › a tutor can paste an existing client list from a spreadsheet and it lands in the app (1.1s)
  ✓  135 [desktop] › tests/e2e/production-browser-safety.spec.ts:49:1 › embedded pages offer a direct link without rendering tutor data (368ms)
  ✓  136 [desktop] › tests/e2e/production-browser-safety.spec.ts:35:1 › installing Solo Tutor preserves another application cache (368ms)
  ✓  137 [desktop] › tests/e2e/production-browser-safety.spec.ts:62:1 › built page blocks injected inline scripts with CSP (375ms)
  ✓  140 [desktop] › tests/e2e/pwa.spec.ts:7:1 › theme-color meta matches the real --bg of each theme (237ms)
  ✓  138 [desktop] › tests/e2e/promptpay-qr.spec.ts:12:1 › the parent page shows a scannable PromptPay QR only in real mode (600ms)
  ✓  139 [desktop] › tests/e2e/pwa.spec.ts:21:1 › installed app opens on today, not the marketing page (447ms)
  ✓  141 [desktop] › tests/e2e/pwa.spec.ts:36:1 › the service worker is registered and the app opens offline (632ms)
  ✓  142 [desktop] › tests/e2e/pwa.spec.ts:55:1 › privacy and terms are reachable and say what the app really does (548ms)
  ✓  145 [desktop] › tests/e2e/qa-data-regressions.spec.ts:70:1 › opening an unknown chat cannot create orphan data or break reload (588ms)
  ✓  143 [desktop] › tests/e2e/qa-data-regressions.spec.ts:33:1 › two tabs preserve writes, follow updates, and transfer writer ownership on close (972ms)
  ✓  144 [desktop] › tests/e2e/qa-data-regressions.spec.ts:55:1 › past periods can be closed using the saved price after a rate change (981ms)
  ✓  149 [desktop] › tests/e2e/qa-data-regressions.spec.ts:149:1 › an explicit demo scenario change survives acquiring the writer lock (574ms)
  ✓  146 [desktop] › tests/e2e/qa-data-regressions.spec.ts:80:1 › a version 4 backup restores through the file picker and upgrades to version 5 (1.3s)
  ✓  147 [desktop] › tests/e2e/qa-data-regressions.spec.ts:103:1 › a new package price and quantity preserve only the actual old credits (830ms)
  ✓  148 [desktop] › tests/e2e/qa-data-regressions.spec.ts:129:1 › backup passes a valid restorable file to the native share API (947ms)
  ✓  153 [desktop] › tests/e2e/start.spec.ts:60:1 › the theme toggle on the landing and start pages flips dark/light and the app remembers it (552ms)
  ✓  151 [desktop] › tests/e2e/start.spec.ts:5:1 › picking a style shapes the demo, the filters and the add-sheet default; the menu can change it (1.4s)
  ✓  152 [desktop] › tests/e2e/start.spec.ts:38:1 › in real mode the picker changes defaults only — nothing is wiped (1.5s)
  ✓  155 [desktop] › tests/e2e/ux-copy.spec.ts:4:1 › history speaks Thai, the parent sees the month of the bill, and ค้าง says it accumulates (576ms)
  ✓  156 [desktop] › tests/e2e/ux-copy.spec.ts:25:1 › the parent page keeps its readable width even in web frame (411ms)
(node:30262) Warning: The 'NO_COLOR' env is ignored due to the 'FORCE_COLOR' env being set.
(Use `node --trace-warnings ...` to show where the warning was created)
(node:30263) Warning: The 'NO_COLOR' env is ignored due to the 'FORCE_COLOR' env being set.
(Use `node --trace-warnings ...` to show where the warning was created)
  ✓  154 [desktop] › tests/e2e/start.spec.ts:79:1 › an accent picked on the landing page follows the visitor into the app (1.6s)
  ✓  150 [desktop] › tests/e2e/real-onboarding.spec.ts:20:1 › a female tutor never has to say ครับ — and can flip it later from the menu (2.8s)
(node:30265) Warning: The 'NO_COLOR' env is ignored due to the 'FORCE_COLOR' env being set.
(Use `node --trace-warnings ...` to show where the warning was created)
(node:30296) Warning: The 'NO_COLOR' env is ignored due to the 'FORCE_COLOR' env being set.
(Use `node --trace-warnings ...` to show where the warning was created)
  ✓  158 [webkit] › tests/e2e/accessibility.spec.ts:34:3 › bottom sheet stays inside a 320px viewport without runtime errors (1.1s)
  ✓  157 [webkit] › tests/e2e/accessibility.spec.ts:9:1 › bottom sheet traps focus and isolates the page behind it (1.2s)
  -  162 [webkit] › tests/e2e/account.spec.ts:135:3 › ซิงก์คลาวด์กับ Supabase จำลอง › ลบบัญชีจากแท็บอ่านอย่างเดียวไม่ได้ และเมื่อแท็บหลักลบแล้วอีกแท็บไม่คืนข้อมูลเก่า
  -  163 [webkit] › tests/e2e/account.spec.ts:171:3 › ซิงก์คลาวด์กับ Supabase จำลอง › a paid teacher can erase operational data after seeing the retained-receipt explanation
  -  164 [webkit] › tests/e2e/account.spec.ts:191:3 › ซิงก์คลาวด์กับ Supabase จำลอง › a legacy backend refusal preserves the teacher ledger and account session
  -  165 [webkit] › tests/e2e/account.spec.ts:217:3 › ซิงก์คลาวด์กับ Supabase จำลอง › ไฟล์กู้คืนปลดล็อก ciphertext หลังเปลี่ยนรหัส โดยไม่ต้องลบข้อมูลบนคลาวด์
  -  166 [webkit] › tests/e2e/account.spec.ts:242:3 › ซิงก์คลาวด์กับ Supabase จำลอง › เข้าสู่ระบบแล้วสมุดบัญชีขึ้นคลาวด์เอง — เป็น ciphertext ไม่มีชื่อนักเรียน และแก้ข้อมูลแล้วขึ้นรอบใหม่
  -  167 [webkit] › tests/e2e/account.spec.ts:263:3 › ซิงก์คลาวด์กับ Supabase จำลอง › เครื่องมีข้อมูลและคลาวด์ก็มี — ไม่เดา ถามครู แล้ว "ใช้ข้อมูลเครื่องนี้" เขียนทับด้วย revision ของคลาวด์
  ✓  159 [webkit] › tests/e2e/accessibility.spec.ts:34:3 › bottom sheet stays inside a 390px viewport without runtime errors (1.4s)
  -  169 [webkit] › tests/e2e/account.spec.ts:313:3 › แพ็กสมาชิกกับ Supabase จำลอง › ขอเปิด Pro 3 เดือน — ส่งแค่จำนวนเดือน ยอดมาจากเซิร์ฟเวอร์ แล้วเห็นสถานะรอตรวจยอด ยกเลิกได้
  -  170 [webkit] › tests/e2e/account.spec.ts:331:3 › แพ็กสมาชิกกับ Supabase จำลอง › วงจรรายได้ครบ: เลือกแพ็ก → เริ่มใช้จริง → ขอ Pro → อนุมัติ → ใบเสร็จ → พัก/ใช้ต่อ → หมดอายุแล้วยังส่งออกข้อมูลได้
  ✓  160 [webkit] › tests/e2e/account.spec.ts:30:1 › เมนูมีทางเข้าหน้าบัญชีครู และในโหมดเดโมหน้านั้นบอกให้เริ่มใช้จริงก่อน (1.5s)
  ✓  161 [webkit] › tests/e2e/account.spec.ts:39:1 › โหมดจริงเห็นฟอร์มบัญชีครูหรือการ์ดรอตั้งค่า — ไม่มีอย่างอื่น และไม่มีข้อมูลออกจากเครื่องก่อนเข้าสู่ระบบ (1.6s)
  -  173 [webkit] › tests/e2e/copy-nudge.spec.ts:9:1 › บิลค้างมีปุ่มคัดลอกข้อความแจ้งเตือน วางได้เลย และสถานะบิลไม่เปลี่ยน
  ✓  171 [webkit] › tests/e2e/bulk-add.spec.ts:8:1 › เพิ่มหลายคนจากหน้ารายชื่อ: ตัดซ้ำ ข้ามคนเดิม แล้วสร้างครบในคลิกเดียว (1.1s)
  ✓  168 [webkit] › tests/e2e/account.spec.ts:283:1 › แพ็กฟรีรับได้ 5 คนที่ยังเรียนอยู่ — คนที่ 6 เจอชีทแพ็ก ไม่ถูกเพิ่มเงียบ ๆ (2.1s)
  ✓  174 [webkit] › tests/e2e/copy-nudge.spec.ts:29:1 › บิลที่จ่ายแล้วไม่มีปุ่มคัดลอกข้อความแจ้งเตือน (655ms)
  ✓  172 [webkit] › tests/e2e/bulk-add.spec.ts:34:1 › ค่าเริ่มต้นแบบแพ็กใช้ได้ และต้องใส่จำนวนครั้งก่อน (1.3s)
  ✓  175 [webkit] › tests/e2e/demo-flow.spec.ts:13:1 › หน้าแรกมีทางเข้าเดียว ไม่ใช่เมนูให้เลือก (934ms)
  ✓  176 [webkit] › tests/e2e/demo-flow.spec.ts:36:1 › หน้าราคามีปุ่มกลับหน้าแรก (797ms)
  ✓  177 [webkit] › tests/e2e/demo-flow.spec.ts:45:1 › เส้นทางที่ไม่มีจริงพากลับหน้าแรก ไม่ใช่จอว่าง (793ms)
  ✓  178 [webkit] › tests/e2e/demo-flow.spec.ts:52:1 › วันนี้มี 4 คาบ ยืนยันแล้ว 1 รอ 3 (908ms)
  ✓  179 [webkit] › tests/e2e/demo-flow.spec.ts:59:1 › เช็คชื่อคาบที่แพ็กหมดแล้ว ได้คำเตือนและร่างชวนต่อเพิ่มมาหนึ่งใบ (971ms)
  ✓  180 [webkit] › tests/e2e/demo-flow.spec.ts:70:1 › ปิดยอดเดือนนี้สร้างบิลให้ 5 คน (1.2s)
  ✓  182 [webkit] › tests/e2e/demo-flow.spec.ts:97:1 › ข้อความถึงผู้ปกครองใช้ลิงก์เต็ม และไม่ซ้ำคำนำหน้า (623ms)
  ✓  183 [webkit] › tests/e2e/demo-flow.spec.ts:111:1 › ผู้จ่ายกดลิงก์แล้วเจอบิลใบที่ทวง พร้อม QR (558ms)
  ✓  184 [webkit] › tests/e2e/demo-flow.spec.ts:119:1 › ไม่มีข้อความไหนส่งออกโดยผู้ใช้ไม่ได้กดส่ง (723ms)
  ✓  185 [webkit] › tests/e2e/demo-flow.spec.ts:127:1 › เปิด LINE แล้วยังไม่นับว่าส่ง จนกว่าครูจะยืนยัน (777ms)
  ✓  186 [webkit] › tests/e2e/demo-flow.spec.ts:162:1 › เลื่อนคาบแล้วยอดบิลไม่ขยับ และมีร่างแจ้งผู้ปกครองรออยู่ (995ms)
  ✓  187 [webkit] › tests/e2e/demo-flow.spec.ts:188:1 › สำรองข้อมูลแล้วได้ไฟล์ที่กู้คืนได้ (777ms)
  ✓  188 [webkit] › tests/e2e/demo-flow.spec.ts:211:1 › ส่งสรุปให้ผู้ปกครองเปิด LINE พร้อมจำนวนครั้งจริง (631ms)
  ✓  181 [webkit] › tests/e2e/demo-flow.spec.ts:80:1 › สลิปตรงยอด ยืนยันแล้วได้ใบเสร็จ (3.0s)
  ✓  189 [webkit] › tests/e2e/demo-flow.spec.ts:230:1 › ทุกทางเข้าพาไปใช้งานได้เลย ไม่มีฟอร์มมาขวาง (938ms)
  ✓  193 [webkit] › tests/e2e/financial-safety.spec.ts:70:1 › corrupt storage is preserved and requires recovery (476ms)
  ✓  190 [webkit] › tests/e2e/demo-flow.spec.ts:271:1 › ไม่มี dialog ของเบราว์เซอร์เหลืออยู่ — งดคาบใช้ชีทที่แปลได้ (1.3s)
  ✓  192 [webkit] › tests/e2e/financial-safety.spec.ts:59:1 › quota failure cannot acknowledge or commit a payment (1.3s)
  -  196 [webkit] › tests/e2e/homework.spec.ts:21:1 › โหมดจริง: พิมพ์การบ้านแล้วคัดลอก ได้ข้อความพร้อมคำลงท้ายของครู และไม่บันทึกอะไร
  ✓  194 [webkit] › tests/e2e/financial-safety.spec.ts:78:1 › missing payment destination prevents sending and keeps queue empty (1.1s)
  ✓  191 [webkit] › tests/e2e/financial-safety.spec.ts:25:1 › installments agree across balances, reminder, client, receipt and fresh recipient context (2.6s)
  ✓  197 [webkit] › tests/e2e/homework.spec.ts:39:1 › เดโมไม่มีปุ่มการบ้าน — ไม่อยู่ในเส้นทางที่โชว์ (913ms)
  ✓  195 [webkit] › tests/e2e/financial-safety.spec.ts:86:1 › issued receipt keeps the original payee after profile changes and reload (2.0s)
  ✓  198 [webkit] › tests/e2e/interaction-regressions.spec.ts:23:1 › primary navigation and list rows stay inside the app (1.1s)
  ✓  199 [webkit] › tests/e2e/interaction-regressions.spec.ts:46:1 › clicking controls inside a sheet never dismisses it or changes route (1.3s)
  ✓  201 [webkit] › tests/e2e/interaction-regressions.spec.ts:92:1 › nested cancellation confirmation closes one layer at a time (808ms)
  -  204 [webkit] › tests/e2e/line-oa.spec.ts:163:1 › เชื่อม OA ล้าง credentials สร้างรหัส จับคู่ผู้ปกครอง และยืนยันส่งในเครื่องเมื่อ server ส่งสำเร็จ
  -  205 [webkit] › tests/e2e/line-oa.spec.ts:201:1 › timeout หลังเข้าคิวเก็บ marker ข้าม reload ปิดแชร์ส่วนตัว และ reconcile โดยไม่ push ซ้ำ
  -  206 [webkit] › tests/e2e/line-oa.spec.ts:231:1 › ตรวจรายการ processing หลัง worker หยุด โดยเรียก targeted send เดิมให้เซิร์ฟเวอร์กู้ claim ได้
  ✓  202 [webkit] › tests/e2e/interaction-regressions.spec.ts:111:1 › editing a subject and changing billing controls does not jump away or close (970ms)
  ✓  200 [webkit] › tests/e2e/interaction-regressions.spec.ts:66:1 › switching between demo and real mode uses one confirmation layer (1.7s)
  ✓  203 [webkit] › tests/e2e/interaction-regressions.spec.ts:130:1 › only an explicit LINE action opens an external window (974ms)
  ✓  207 [webkit] › tests/e2e/menu.spec.ts:4:1 › the menu works from the keyboard: arrows move focus and switch tabs (879ms)
  ✓  209 [webkit] › tests/e2e/menu.spec.ts:49:1 › no page calls the product plain "Solo" any more (848ms)
  ✓  208 [webkit] › tests/e2e/menu.spec.ts:30:1 › four real themes plus system, each stamps its own data-theme (1.6s)
  -  212 [webkit] › tests/e2e/production-browser-safety.spec.ts:4:1 › first installation can reopen offline without a preparatory reload
  -  213 [webkit] › tests/e2e/production-browser-safety.spec.ts:35:1 › installing Solo Tutor preserves another application cache
  ✓  210 [webkit] › tests/e2e/menu.spec.ts:58:1 › every sub-page has a way back to where it came from (1.3s)
  ✓  211 [webkit] › tests/e2e/menu.spec.ts:78:1 › a tutor can paste an existing client list from a spreadsheet and it lands in the app (1.5s)
  ✓  214 [webkit] › tests/e2e/production-browser-safety.spec.ts:49:1 › embedded pages offer a direct link without rendering tutor data (699ms)
  ✓  217 [webkit] › tests/e2e/pwa.spec.ts:7:1 › theme-color meta matches the real --bg of each theme (336ms)
  ✓  215 [webkit] › tests/e2e/production-browser-safety.spec.ts:62:1 › built page blocks injected inline scripts with CSP (778ms)
  -  219 [webkit] › tests/e2e/pwa.spec.ts:36:1 › the service worker is registered and the app opens offline
  ✓  218 [webkit] › tests/e2e/pwa.spec.ts:21:1 › installed app opens on today, not the marketing page (719ms)
  ✓  216 [webkit] › tests/e2e/promptpay-qr.spec.ts:12:1 › the parent page shows a scannable PromptPay QR only in real mode (1.2s)
  ✓  220 [webkit] › tests/e2e/pwa.spec.ts:55:1 › privacy and terms are reachable and say what the app really does (964ms)
  ✓  223 [webkit] › tests/e2e/qa-data-regressions.spec.ts:70:1 › opening an unknown chat cannot create orphan data or break reload (1.2s)
  ✓  222 [webkit] › tests/e2e/qa-data-regressions.spec.ts:55:1 › past periods can be closed using the saved price after a rate change (1.6s)
  ✓  221 [webkit] › tests/e2e/qa-data-regressions.spec.ts:33:1 › two tabs preserve writes, follow updates, and transfer writer ownership on close (1.8s)
  ✓  224 [webkit] › tests/e2e/qa-data-regressions.spec.ts:80:1 › a version 4 backup restores through the file picker and upgrades to version 5 (1.8s)
  ✓  227 [webkit] › tests/e2e/qa-data-regressions.spec.ts:149:1 › an explicit demo scenario change survives acquiring the writer lock (896ms)
  ✓  225 [webkit] › tests/e2e/qa-data-regressions.spec.ts:103:1 › a new package price and quantity preserve only the actual old credits (1.2s)
  ✓  226 [webkit] › tests/e2e/qa-data-regressions.spec.ts:129:1 › backup passes a valid restorable file to the native share API (1.3s)
  ✓  231 [webkit] › tests/e2e/start.spec.ts:60:1 › the theme toggle on the landing and start pages flips dark/light and the app remembers it (1.5s)
  ✓  230 [webkit] › tests/e2e/start.spec.ts:38:1 › in real mode the picker changes defaults only — nothing is wiped (2.0s)
  ✓  229 [webkit] › tests/e2e/start.spec.ts:5:1 › picking a style shapes the demo, the filters and the add-sheet default; the menu can change it (2.2s)
  -  234 [webkit] › tests/e2e/ux-copy.spec.ts:25:1 › the parent page keeps its readable width even in web frame
  ✓  233 [webkit] › tests/e2e/ux-copy.spec.ts:4:1 › history speaks Thai, the parent sees the month of the bill, and ค้าง says it accumulates (1.0s)
  ✓  228 [webkit] › tests/e2e/real-onboarding.spec.ts:20:1 › a female tutor never has to say ครับ — and can flip it later from the menu (3.6s)
  ✓  232 [webkit] › tests/e2e/start.spec.ts:79:1 › an accent picked on the landing page follows the visitor into the app (1.9s)

  40 skipped
  194 passed (1.0m)
