
> solo-tutor@1.0.0 build
> tsc && vite build

vite v6.4.3 building for production...
transforming...
✓ 128 modules transformed.
rendering chunks...
computing gzip size...
dist/index.html                          2.30 kB │ gzip:   1.04 kB
dist/assets/index-D1t0SckF.css          40.41 kB │ gzip:   8.05 kB
dist/assets/share-vGEu0j_f.js            0.27 kB │ gzip:   0.21 kB
dist/assets/plans-BXqEBD8I.js            0.46 kB │ gzip:   0.29 kB
dist/assets/lineApi-DNdsdN3f.js          0.79 kB │ gzip:   0.45 kB
dist/assets/Help-eIYmdp6v.js             1.26 kB │ gzip:   0.58 kB
dist/assets/Legal-HrfmjvVq.js            1.48 kB │ gzip:   0.58 kB
dist/assets/StylePicker-MdGn6neV.js      1.66 kB │ gzip:   0.79 kB
dist/assets/ReceiptList-Bvxk0W0p.js      1.72 kB │ gzip:   0.89 kB
dist/assets/selectors-CmZnY5ZQ.js        1.96 kB │ gzip:   0.92 kB
dist/assets/AuthForm-Bvw808oa.js         2.45 kB │ gzip:   1.03 kB
dist/assets/Pricing-CWrIxeud.js          2.78 kB │ gzip:   1.01 kB
dist/assets/Receipt-_rKZLe8j.js          3.23 kB │ gzip:   1.21 kB
dist/assets/Subjects-DNCIQAcM.js         4.41 kB │ gzip:   1.66 kB
dist/assets/ClientPreview-CUYj93pZ.js    4.69 kB │ gzip:   1.85 kB
dist/assets/Onboarding-CaZpUITf.js       8.06 kB │ gzip:   2.59 kB
dist/assets/Today-tsZhTwTG.js            8.18 kB │ gzip:   2.58 kB
dist/assets/SubjectDetail-DvStJJC8.js    9.33 kB │ gzip:   3.01 kB
dist/assets/LineSettings--yB0D8PK.js    10.02 kB │ gzip:   3.29 kB
dist/assets/SubjectSheet-BlWbnANd.js    10.50 kB │ gzip:   3.24 kB
dist/assets/ImportSheet-d9416GrE.js     10.60 kB │ gzip:   4.32 kB
dist/assets/Billing-Cv49tR6Z.js         11.79 kB │ gzip:   3.96 kB
dist/assets/Account-C7TeVejO.js         12.89 kB │ gzip:   3.89 kB
dist/assets/Admin-CTUlCrrW.js           17.58 kB │ gzip:   5.25 kB
dist/assets/AppShell-D08ipWJw.js        22.52 kB │ gzip:   7.39 kB
dist/assets/index-DelzB7oI.js          432.74 kB │ gzip: 126.81 kB
✓ built in 822ms
