
> solo-tutor@1.0.0 e2e
> playwright test tests/e2e/account.spec.ts tests/e2e/production-browser-safety.spec.ts

[WebServer] (node:39346) Warning: The 'NO_COLOR' env is ignored due to the 'FORCE_COLOR' env being set.
[WebServer] (Use `node --trace-warnings ...` to show where the warning was created)
[WebServer] (node:39357) Warning: The 'NO_COLOR' env is ignored due to the 'FORCE_COLOR' env being set.
[WebServer] (Use `node --trace-warnings ...` to show where the warning was created)
[WebServer] (node:39383) Warning: The 'NO_COLOR' env is ignored due to the 'FORCE_COLOR' env being set.
[WebServer] (Use `node --trace-warnings ...` to show where the warning was created)

Running 45 tests using 4 workers

  -   1 [mobile] › tests/e2e/account.spec.ts:137:3 › ซิงก์คลาวด์กับ Supabase จำลอง › ลบบัญชีจากแท็บอ่านอย่างเดียวไม่ได้ และเมื่อแท็บหลักลบแล้วอีกแท็บไม่คืนข้อมูลเก่า
  -   2 [mobile] › tests/e2e/account.spec.ts:173:3 › ซิงก์คลาวด์กับ Supabase จำลอง › a paid teacher can erase operational data after seeing the retained-receipt explanation
  -   3 [mobile] › tests/e2e/account.spec.ts:193:3 › ซิงก์คลาวด์กับ Supabase จำลอง › a legacy backend refusal preserves the teacher ledger and account session
  -   4 [mobile] › tests/e2e/account.spec.ts:219:3 › ซิงก์คลาวด์กับ Supabase จำลอง › ไฟล์กู้คืนปลดล็อก ciphertext หลังเปลี่ยนรหัส โดยไม่ต้องลบข้อมูลบนคลาวด์
  -   5 [mobile] › tests/e2e/account.spec.ts:244:3 › ซิงก์คลาวด์กับ Supabase จำลอง › เข้าสู่ระบบแล้วสมุดบัญชีขึ้นคลาวด์เอง — เป็น ciphertext ไม่มีชื่อนักเรียน และแก้ข้อมูลแล้วขึ้นรอบใหม่
  -   6 [mobile] › tests/e2e/account.spec.ts:265:3 › ซิงก์คลาวด์กับ Supabase จำลอง › เครื่องมีข้อมูลและคลาวด์ก็มี — ไม่เดา ถามครู แล้ว "ใช้ข้อมูลเครื่องนี้" เขียนทับด้วย revision ของคลาวด์
  -   7 [mobile] › tests/e2e/account.spec.ts:314:3 › แพ็กสมาชิกกับ Supabase จำลอง › ขอเปิด Pro 3 เดือน — ส่งแค่จำนวนเดือน ยอดมาจากเซิร์ฟเวอร์ แล้วเห็นสถานะรอตรวจยอด ยกเลิกได้
  -   8 [mobile] › tests/e2e/account.spec.ts:332:3 › แพ็กสมาชิกกับ Supabase จำลอง › วงจรรายได้ครบ: เลือกแพ็ก → เริ่มใช้จริง → ขอ Pro → อนุมัติ → ใบเสร็จ → พัก/ใช้ต่อ → หมดอายุแล้วยังส่งออกข้อมูลได้
(node:39390) Warning: The 'NO_COLOR' env is ignored due to the 'FORCE_COLOR' env being set.
(Use `node --trace-warnings ...` to show where the warning was created)
(node:39392) Warning: The 'NO_COLOR' env is ignored due to the 'FORCE_COLOR' env being set.
(Use `node --trace-warnings ...` to show where the warning was created)
(node:39391) Warning: The 'NO_COLOR' env is ignored due to the 'FORCE_COLOR' env being set.
(Use `node --trace-warnings ...` to show where the warning was created)
(node:39393) Warning: The 'NO_COLOR' env is ignored due to the 'FORCE_COLOR' env being set.
(Use `node --trace-warnings ...` to show where the warning was created)
  ✓  12 [mobile] › tests/e2e/account.spec.ts:41:1 › โหมดจริงเห็นฟอร์มบัญชีครูหรือการ์ดรอตั้งค่า — ไม่มีอย่างอื่น และไม่มีข้อมูลออกจากเครื่องก่อนเข้าสู่ระบบ (1.1s)
  ✓  10 [mobile] › tests/e2e/account.spec.ts:32:1 › เมนูมีทางเข้าหน้าบัญชีครู และในโหมดเดโมหน้านั้นบอกให้เริ่มใช้จริงก่อน (1.1s)
  ✓   9 [mobile] › tests/e2e/production-browser-safety.spec.ts:4:1 › first installation can reopen offline without a preparatory reload (1.3s)
  ✓  14 [mobile] › tests/e2e/production-browser-safety.spec.ts:49:1 › embedded pages offer a direct link without rendering tutor data (330ms)
  ✓  13 [mobile] › tests/e2e/production-browser-safety.spec.ts:35:1 › installing Solo Tutor preserves another application cache (517ms)
  ✓  15 [mobile] › tests/e2e/production-browser-safety.spec.ts:62:1 › built page blocks injected inline scripts with CSP (442ms)
  -  16 [desktop] › tests/e2e/account.spec.ts:137:3 › ซิงก์คลาวด์กับ Supabase จำลอง › ลบบัญชีจากแท็บอ่านอย่างเดียวไม่ได้ และเมื่อแท็บหลักลบแล้วอีกแท็บไม่คืนข้อมูลเก่า
  -  17 [desktop] › tests/e2e/account.spec.ts:173:3 › ซิงก์คลาวด์กับ Supabase จำลอง › a paid teacher can erase operational data after seeing the retained-receipt explanation
  -  18 [desktop] › tests/e2e/account.spec.ts:193:3 › ซิงก์คลาวด์กับ Supabase จำลอง › a legacy backend refusal preserves the teacher ledger and account session
  -  19 [desktop] › tests/e2e/account.spec.ts:219:3 › ซิงก์คลาวด์กับ Supabase จำลอง › ไฟล์กู้คืนปลดล็อก ciphertext หลังเปลี่ยนรหัส โดยไม่ต้องลบข้อมูลบนคลาวด์
  -  20 [desktop] › tests/e2e/account.spec.ts:244:3 › ซิงก์คลาวด์กับ Supabase จำลอง › เข้าสู่ระบบแล้วสมุดบัญชีขึ้นคลาวด์เอง — เป็น ciphertext ไม่มีชื่อนักเรียน และแก้ข้อมูลแล้วขึ้นรอบใหม่
  -  21 [desktop] › tests/e2e/account.spec.ts:265:3 › ซิงก์คลาวด์กับ Supabase จำลอง › เครื่องมีข้อมูลและคลาวด์ก็มี — ไม่เดา ถามครู แล้ว "ใช้ข้อมูลเครื่องนี้" เขียนทับด้วย revision ของคลาวด์
  ✓  11 [mobile] › tests/e2e/account.spec.ts:285:1 › แพ็กฟรีรับได้ 5 คนที่ยังเรียนอยู่ — คนที่ 6 เจอชีทแพ็ก ไม่ถูกเพิ่มเงียบ ๆ (1.9s)
  -  22 [desktop] › tests/e2e/account.spec.ts:314:3 › แพ็กสมาชิกกับ Supabase จำลอง › ขอเปิด Pro 3 เดือน — ส่งแค่จำนวนเดือน ยอดมาจากเซิร์ฟเวอร์ แล้วเห็นสถานะรอตรวจยอด ยกเลิกได้
  -  23 [desktop] › tests/e2e/account.spec.ts:332:3 › แพ็กสมาชิกกับ Supabase จำลอง › วงจรรายได้ครบ: เลือกแพ็ก → เริ่มใช้จริง → ขอ Pro → อนุมัติ → ใบเสร็จ → พัก/ใช้ต่อ → หมดอายุแล้วยังส่งออกข้อมูลได้
(node:39413) Warning: The 'NO_COLOR' env is ignored due to the 'FORCE_COLOR' env being set.
(Use `node --trace-warnings ...` to show where the warning was created)
(node:39414) Warning: The 'NO_COLOR' env is ignored due to the 'FORCE_COLOR' env being set.
(Use `node --trace-warnings ...` to show where the warning was created)
(node:39415) Warning: The 'NO_COLOR' env is ignored due to the 'FORCE_COLOR' env being set.
(Use `node --trace-warnings ...` to show where the warning was created)
(node:39418) Warning: The 'NO_COLOR' env is ignored due to the 'FORCE_COLOR' env being set.
(Use `node --trace-warnings ...` to show where the warning was created)
  ✓  24 [desktop] › tests/e2e/account.spec.ts:32:1 › เมนูมีทางเข้าหน้าบัญชีครู และในโหมดเดโมหน้านั้นบอกให้เริ่มใช้จริงก่อน (780ms)
  ✓  25 [desktop] › tests/e2e/account.spec.ts:41:1 › โหมดจริงเห็นฟอร์มบัญชีครูหรือการ์ดรอตั้งค่า — ไม่มีอย่างอื่น และไม่มีข้อมูลออกจากเครื่องก่อนเข้าสู่ระบบ (709ms)
  ✓  29 [desktop] › tests/e2e/production-browser-safety.spec.ts:49:1 › embedded pages offer a direct link without rendering tutor data (379ms)
  ✓  28 [desktop] › tests/e2e/production-browser-safety.spec.ts:35:1 › installing Solo Tutor preserves another application cache (408ms)
  ✓  27 [desktop] › tests/e2e/production-browser-safety.spec.ts:4:1 › first installation can reopen offline without a preparatory reload (753ms)
  ✓  30 [desktop] › tests/e2e/production-browser-safety.spec.ts:62:1 › built page blocks injected inline scripts with CSP (231ms)
  -  31 [webkit] › tests/e2e/account.spec.ts:137:3 › ซิงก์คลาวด์กับ Supabase จำลอง › ลบบัญชีจากแท็บอ่านอย่างเดียวไม่ได้ และเมื่อแท็บหลักลบแล้วอีกแท็บไม่คืนข้อมูลเก่า
  -  32 [webkit] › tests/e2e/account.spec.ts:173:3 › ซิงก์คลาวด์กับ Supabase จำลอง › a paid teacher can erase operational data after seeing the retained-receipt explanation
  -  33 [webkit] › tests/e2e/account.spec.ts:193:3 › ซิงก์คลาวด์กับ Supabase จำลอง › a legacy backend refusal preserves the teacher ledger and account session
  -  34 [webkit] › tests/e2e/account.spec.ts:219:3 › ซิงก์คลาวด์กับ Supabase จำลอง › ไฟล์กู้คืนปลดล็อก ciphertext หลังเปลี่ยนรหัส โดยไม่ต้องลบข้อมูลบนคลาวด์
  -  35 [webkit] › tests/e2e/account.spec.ts:244:3 › ซิงก์คลาวด์กับ Supabase จำลอง › เข้าสู่ระบบแล้วสมุดบัญชีขึ้นคลาวด์เอง — เป็น ciphertext ไม่มีชื่อนักเรียน และแก้ข้อมูลแล้วขึ้นรอบใหม่
  -  36 [webkit] › tests/e2e/account.spec.ts:265:3 › ซิงก์คลาวด์กับ Supabase จำลอง › เครื่องมีข้อมูลและคลาวด์ก็มี — ไม่เดา ถามครู แล้ว "ใช้ข้อมูลเครื่องนี้" เขียนทับด้วย revision ของคลาวด์
  ✓  26 [desktop] › tests/e2e/account.spec.ts:285:1 › แพ็กฟรีรับได้ 5 คนที่ยังเรียนอยู่ — คนที่ 6 เจอชีทแพ็ก ไม่ถูกเพิ่มเงียบ ๆ (1.3s)
  -  37 [webkit] › tests/e2e/account.spec.ts:314:3 › แพ็กสมาชิกกับ Supabase จำลอง › ขอเปิด Pro 3 เดือน — ส่งแค่จำนวนเดือน ยอดมาจากเซิร์ฟเวอร์ แล้วเห็นสถานะรอตรวจยอด ยกเลิกได้
  -  38 [webkit] › tests/e2e/account.spec.ts:332:3 › แพ็กสมาชิกกับ Supabase จำลอง › วงจรรายได้ครบ: เลือกแพ็ก → เริ่มใช้จริง → ขอ Pro → อนุมัติ → ใบเสร็จ → พัก/ใช้ต่อ → หมดอายุแล้วยังส่งออกข้อมูลได้
(node:39442) Warning: The 'NO_COLOR' env is ignored due to the 'FORCE_COLOR' env being set.
(Use `node --trace-warnings ...` to show where the warning was created)
(node:39443) Warning: The 'NO_COLOR' env is ignored due to the 'FORCE_COLOR' env being set.
(Use `node --trace-warnings ...` to show where the warning was created)
(node:39444) Warning: The 'NO_COLOR' env is ignored due to the 'FORCE_COLOR' env being set.
(Use `node --trace-warnings ...` to show where the warning was created)
(node:39445) Warning: The 'NO_COLOR' env is ignored due to the 'FORCE_COLOR' env being set.
(Use `node --trace-warnings ...` to show where the warning was created)
  -  42 [webkit] › tests/e2e/production-browser-safety.spec.ts:4:1 › first installation can reopen offline without a preparatory reload
  -  43 [webkit] › tests/e2e/production-browser-safety.spec.ts:35:1 › installing Solo Tutor preserves another application cache
  ✓  40 [webkit] › tests/e2e/account.spec.ts:41:1 › โหมดจริงเห็นฟอร์มบัญชีครูหรือการ์ดรอตั้งค่า — ไม่มีอย่างอื่น และไม่มีข้อมูลออกจากเครื่องก่อนเข้าสู่ระบบ (1.7s)
  ✓  39 [webkit] › tests/e2e/account.spec.ts:32:1 › เมนูมีทางเข้าหน้าบัญชีครู และในโหมดเดโมหน้านั้นบอกให้เริ่มใช้จริงก่อน (1.7s)
  ✓  44 [webkit] › tests/e2e/production-browser-safety.spec.ts:49:1 › embedded pages offer a direct link without rendering tutor data (495ms)
  ✓  45 [webkit] › tests/e2e/production-browser-safety.spec.ts:62:1 › built page blocks injected inline scripts with CSP (373ms)
  ✓  41 [webkit] › tests/e2e/account.spec.ts:285:1 › แพ็กฟรีรับได้ 5 คนที่ยังเรียนอยู่ — คนที่ 6 เจอชีทแพ็ก ไม่ถูกเพิ่มเงียบ ๆ (2.3s)

  26 skipped
  19 passed (11.2s)
