
> solo-tutor@1.0.0 test
> vitest run


 RUN  v3.2.7 /Users/tasachi/Documents/solo-tutor

 ✓ tests/unit/cloud-crypto.test.ts (4 tests) 472ms
 ✓ tests/unit/ui-accessibility.test.tsx (4 tests) 184ms
 ✓ tests/unit/persistence.test.tsx (10 tests) 307ms
 ✓ tests/unit/subject-sheet-guard.test.tsx (3 tests) 404ms
 ✓ tests/unit/plan-card-regressions.test.tsx (3 tests) 429ms
 ✓ tests/unit/qa-ui.test.tsx (8 tests) 293ms
 ✓ tests/unit/qa-save-failures.test.tsx (3 tests) 415ms
 ✓ tests/unit/production-readiness-ui.test.tsx (7 tests) 449ms
 ✓ tests/unit/schedule.test.ts (16 tests) 91ms
 ✓ tests/unit/intake.test.tsx (7 tests) 440ms
 ✓ tests/unit/demo-date.test.tsx (10 tests) 293ms
 ✓ tests/unit/account-deletion-store.test.tsx (2 tests) 91ms
 ✓ tests/unit/cloud-sync.test.ts (12 tests) 266ms
 ✓ tests/unit/slip-sheet.test.tsx (2 tests) 375ms
   ✓ demo slip fallback > can confirm the remaining balance when the simulated slip is unreadable  308ms
 ✓ tests/unit/regress.test.ts (6 tests) 41ms
 ✓ tests/unit/cloud-key.test.ts (2 tests) 123ms
 ✓ tests/unit/line-protocol.test.ts (20 tests) 23ms
 ✓ tests/unit/supabase-rest.test.ts (16 tests) 77ms
 ✓ tests/unit/selectors.test.ts (7 tests) 24ms
 ✓ tests/unit/qa-core-regressions.test.ts (14 tests) 135ms
 ✓ tests/unit/app-lazy-routes.test.tsx (1 test) 268ms
 ✓ tests/unit/particle.test.ts (7 tests) 38ms
 ✓ tests/unit/backup.test.ts (55 tests) 90ms
 ✓ tests/unit/style.test.ts (6 tests) 47ms
 ✓ tests/unit/messages.test.ts (10 tests) 79ms
 ✓ tests/unit/reducer.test.ts (16 tests) 117ms
 ✓ tests/unit/documents.test.ts (3 tests) 16ms
 ✓ tests/unit/import-table.test.ts (15 tests) 19ms
 ✓ tests/unit/promptpay.test.ts (12 tests) 54ms
 ✓ tests/unit/plan.test.ts (6 tests) 12ms
 ✓ tests/unit/line-app-state.test.ts (11 tests) 89ms
 ✓ tests/unit/retract.test.ts (5 tests) 58ms
 ✓ tests/unit/realmode.test.ts (8 tests) 48ms
 ✓ tests/unit/export.test.ts (6 tests) 8ms
 ✓ tests/unit/delete.test.ts (6 tests) 30ms
 ✓ tests/unit/sending.test.ts (4 tests) 57ms
 ✓ tests/unit/sheets.test.ts (10 tests) 14ms
 ✓ tests/unit/service-worker-safety.test.ts (6 tests) 12ms
 ✓ tests/unit/build-safety.test.ts (3 tests) 18ms
 ✓ tests/unit/billing.test.ts (19 tests) 58ms
 ✓ tests/unit/delivery-safety.test.ts (2 tests) 17ms
 ✓ tests/unit/account-deletion-cloud.test.tsx (3 tests) 22ms
 ✓ tests/unit/realgate.test.ts (4 tests) 20ms
 ✓ tests/unit/error-monitoring-safety.test.ts (3 tests) 29ms
 ✓ tests/unit/cloud-api.test.ts (3 tests) 22ms
 ✓ tests/unit/line-delivery.test.ts (14 tests) 5ms
 ✓ tests/unit/usage.test.ts (5 tests) 6ms
 ✓ tests/unit/ui-validation.test.ts (4 tests) 14ms
 ✓ tests/unit/bulk-add.test.ts (8 tests) 8ms
 ✓ tests/unit/backup-monitor.test.ts (1 test) 1ms
 ✓ tests/unit/faq.test.ts (8 tests) 9ms
 ✓ tests/unit/payment-destination.test.ts (3 tests) 2ms
 ✓ tests/unit/share.test.ts (6 tests) 13ms
 ✓ tests/unit/homework.test.ts (3 tests) 2ms
 ✓ tests/unit/share-launch.test.ts (3 tests) 3ms
 ✓ tests/unit/nudge.test.ts (5 tests) 5ms
 ✓ tests/unit/pwa.test.ts (7 tests) 5ms
 ✓ tests/unit/professions.test.ts (2 tests) 3ms
 ✓ tests/unit/ledger.test.ts (4 tests) 2ms
 ✓ tests/unit/pricing.test.ts (6 tests) 3ms

 Test Files  60 passed (60)
      Tests  459 passed (459)
   Start at  13:18:36
   Duration  9.48s (transform 1.99s, setup 814ms, collect 10.35s, tests 6.26s, environment 32.49s, prepare 4.61s)
